.............................s.......................................... [ 21%]
........................................................................ [ 43%]
........................................................................ [ 64%]
................................................................s....... [ 86%]
..............................................                           [100%]
============================== warnings summary ===============================
tests/test_31_multilevel_sideband_extension.py::test_open_system_sideband_fidelity_degrades_relative_to_unitary_case
tests/test_38_rl_control_env.py::test_reset_is_deterministic_for_fixed_seed
tests/test_38_rl_control_env.py::test_reduced_env_baseline_and_alias_methods_run
tests/test_38_rl_control_env.py::test_full_pulse_env_measurement_observation_runs
tests/test_39_rl_control_extensions.py::test_measurement_observation_aliases_proxy_reward_and_diagnostics_run
tests/test_39_rl_control_extensions.py::test_parametric_env_with_new_tasks_remains_finite
tests/unitary_synthesis/test_flexible_target_actions.py::test_reduced_state_target_ignores_unobserved_subsystem_motion
tests/unitary_synthesis/test_phase2_features.py::test_open_system_unitary_targets_use_probe_state_fidelity
  C:\Users\dazzl\AppData\Local\Programs\Python\Python312\Lib\site-packages\qutip\core\data\expm.py:146: LinAlgWarning: Matrix is singular. The result might be inaccurate or the array might not have a square root.
    return Dense(scipy.linalg.sqrtm(matrix.as_ndarray()))

-- Docs: https://docs.pytest.org/en/stable/how-to/capture-warnings.html

---STDERR---
